{
    "spdxVersion": "SPDX-2.3",
    "dataLicense": "CC0-1.0",
    "SPDXID": "SPDXRef-DOCUMENT",
    "name": "registry.redhat.io/org/tenant/test@sha256:aaaaaaaa",
    "documentNamespace": "https://redhat.com/",
    "creationInfo": {
        "licenseListVersion": "3.25",
        "creators": [],
        "created": "2025-03-19T10:19:11Z"
    },
    "annotations": [
        {
            "annotationDate": "2025-03-19T10:19:11Z",
            "annotationType": "OTHER",
            "comment": "release_id=release-id-1"
        }
    ],
    "packages": [
        {
            "SPDXID": "SPDXRef-image",
            "name": "test",
            "versionInfo": "on-pr-c91a8608fdf4eff697652f37ee0cf21bc490858e-linux-x86-64",
            "downloadLocation": "NOASSERTION",
            "licenseConcluded": "NOASSERTION",
            "supplier": "NOASSERTION",
            "externalRefs": [
                {
                    "referenceLocator": "pkg:oci/test@sha256:aaaaaaaa?repository_url=registry.redhat.io/org/tenant/test&tag=1.0",
                    "referenceType": "purl",
                    "referenceCategory": "PACKAGE-MANAGER"
                },
                {
                    "referenceLocator": "pkg:oci/test@sha256:aaaaaaaa?repository_url=registry.redhat.io/org/tenant/test&tag=latest",
                    "referenceType": "purl",
                    "referenceCategory": "PACKAGE-MANAGER"
                },
                {
                    "referenceLocator": "https://github.com/doc.md",
                    "referenceType": "url",
                    "referenceCategory": "SECURITY"
                }
            ],
            "checksums": [
                {
                    "algorithm": "SHA256",
                    "checksumValue": "aaaaaaaa"
                }
            ]
        }
    ],
    "relationships": [
        {
            "spdxElementId": "SPDXRef-DOCUMENT",
            "relationshipType": "DESCRIBES",
            "relatedSpdxElement": "SPDXRef-image"
        }
    ]
}
